
Allocating common symbols
Common symbol       size              file

buffer              0x50              main.o
isr_table           0x80              soc-hw.o
tic_msec            0x4               soc-hw.o
buffercam           0x800             cam.o

Memory Configuration

Name             Origin             Length             Attributes
ram              0x0000000000000000 0x0000000000002000
*default*        0x0000000000000000 0xffffffffffffffff

Linker script and memory map

                0x0000000000000000                __DYNAMIC = 0x0
                0x0000000000000000                _RAM_START = 0x0
                0x0000000000002000                _RAM_SIZE = 0x2000
                0x0000000000002000                _RAM_END = (_RAM_START + _RAM_SIZE)

.text           0x0000000000000000      0x788
                0x0000000000000000                _ftext = .
 *(.text .stub .text.* .gnu.linkonce.t.*)
 .text          0x0000000000000000      0x208 crt0ram.o
                0x0000000000000000                _start
                0x0000000000000140                irq_enable
                0x000000000000014c                irq_disable
                0x0000000000000158                irq_set_mask
                0x0000000000000160                irq_get_mask
                0x0000000000000168                jump
                0x000000000000016c                halt
                0x00000000000001f8                get_sp
                0x0000000000000200                get_gp
 .text          0x0000000000000208       0xc4 main.o
                0x0000000000000208                buffer_clear
                0x0000000000000224                buffer_upload
                0x0000000000000264                main
 .text          0x00000000000002cc      0x364 soc-hw.o
                0x00000000000002cc                isr_null
                0x00000000000002d0                tic_isr
                0x00000000000002fc                prueba
                0x0000000000000380                irq_handler
                0x00000000000003e4                isr_init
                0x0000000000000408                isr_register
                0x0000000000000420                isr_unregister
                0x0000000000000440                msleep
                0x000000000000047c                nsleep
                0x00000000000004ac                tic_init
                0x00000000000004f0                uart_init
                0x00000000000004f4                uart_getchar1
                0x0000000000000518                uart_getchar0
                0x000000000000053c                uart_putchar0
                0x0000000000000560                uart_putchar1
                0x0000000000000584                uart_putstr0
                0x00000000000005b8                uart_putstr1
                0x00000000000005ec                spi_putget
 .text          0x0000000000000630      0x158 cam.o
                0x0000000000000630                buffercam_clear
                0x000000000000064c                buffercam_upload
                0x00000000000006a0                buffercam_uartsend
                0x00000000000006f4                resetcommand
                0x0000000000000728                getversioncommand
                0x0000000000000784                pppp
                0x0000000000000788                _etext = .

.rodata         0x0000000000000788        0x4
                0x0000000000000788                . = ALIGN (0x4)
                0x0000000000000788                _frodata = .
 *(.rodata .rodata.* .gnu.linkonce.r.*)
 .rodata.cst4   0x0000000000000788        0x4 soc-hw.o
 *(.rodata1)
                0x000000000000078c                _erodata = .

.data           0x000000000000078c       0x14
                0x000000000000078c                . = ALIGN (0x4)
                0x000000000000078c                _fdata = .
 *(.data .data.* .gnu.linkonce.d.*)
 .data          0x000000000000078c        0x0 crt0ram.o
 .data          0x000000000000078c        0x0 main.o
 .data          0x000000000000078c       0x14 soc-hw.o
                0x000000000000078c                uart0
                0x0000000000000790                timer0
                0x0000000000000794                gpio0
                0x0000000000000798                uart1
                0x000000000000079c                spi0
 .data          0x00000000000007a0        0x0 cam.o
 *(.data1)
                0x00000000000007a0                _gp = ALIGN (0x10)
 *(.sdata .sdata.* .gnu.linkonce.s.*)
                0x00000000000007a0                _edata = .

.bss            0x00000000000007a0      0x8d4
                0x00000000000007a0                . = ALIGN (0x4)
                0x00000000000007a0                _fbss = .
 *(.dynsbss)
 *(.sbss .sbss.* .gnu.linkonce.sb.*)
 *(.scommon)
 *(.dynbss)
 *(.bss .bss.* .gnu.linkonce.b.*)
 .bss           0x00000000000007a0        0x0 crt0ram.o
 .bss           0x00000000000007a0        0x0 main.o
 .bss           0x00000000000007a0        0x0 soc-hw.o
 .bss           0x00000000000007a0        0x0 cam.o
 *(COMMON)
 COMMON         0x00000000000007a0       0x50 main.o
                0x00000000000007a0                buffer
 COMMON         0x00000000000007f0       0x84 soc-hw.o
                0x00000000000007f0                isr_table
                0x0000000000000870                tic_msec
 COMMON         0x0000000000000874      0x800 cam.o
                0x0000000000000874                buffercam
                0x0000000000001074                _ebss = .
                0x0000000000001074                _end = .
                0x0000000000001ffc                PROVIDE (_fstack, ((ORIGIN (ram) + 0x2000) - 0x4))
LOAD crt0ram.o
LOAD main.o
LOAD soc-hw.o
LOAD cam.o
OUTPUT(image elf32-lm32)

.debug_abbrev   0x0000000000000000      0x3ba
 .debug_abbrev  0x0000000000000000       0xf4 main.o
 .debug_abbrev  0x00000000000000f4      0x1b6 soc-hw.o
 .debug_abbrev  0x00000000000002aa      0x110 cam.o

.debug_info     0x0000000000000000      0x8be
 .debug_info    0x0000000000000000      0x12d main.o
 .debug_info    0x000000000000012d      0x5ec soc-hw.o
 .debug_info    0x0000000000000719      0x1a5 cam.o

.debug_line     0x0000000000000000      0x6a7
 .debug_line    0x0000000000000000       0xf4 main.o
 .debug_line    0x00000000000000f4      0x42f soc-hw.o
 .debug_line    0x0000000000000523      0x184 cam.o

.debug_frame    0x0000000000000000      0x1e0
 .debug_frame   0x0000000000000000       0x40 main.o
 .debug_frame   0x0000000000000040      0x130 soc-hw.o
 .debug_frame   0x0000000000000170       0x70 cam.o

.debug_loc      0x0000000000000000      0x268
 .debug_loc     0x0000000000000000       0x50 main.o
 .debug_loc     0x0000000000000050      0x150 soc-hw.o
 .debug_loc     0x00000000000001a0       0xc8 cam.o

.debug_pubnames
                0x0000000000000000      0x247
 .debug_pubnames
                0x0000000000000000       0x49 main.o
 .debug_pubnames
                0x0000000000000049      0x16e soc-hw.o
 .debug_pubnames
                0x00000000000001b7       0x90 cam.o

.debug_pubtypes
                0x0000000000000000       0xa3
 .debug_pubtypes
                0x0000000000000000       0x2b main.o
 .debug_pubtypes
                0x000000000000002b       0x59 soc-hw.o
 .debug_pubtypes
                0x0000000000000084       0x1f cam.o

.debug_aranges  0x0000000000000000       0x60
 .debug_aranges
                0x0000000000000000       0x20 main.o
 .debug_aranges
                0x0000000000000020       0x20 soc-hw.o
 .debug_aranges
                0x0000000000000040       0x20 cam.o

.debug_str      0x0000000000000000      0x2e7
 .debug_str     0x0000000000000000       0xea main.o
                                         0xf6 (size before relaxing)
 .debug_str     0x00000000000000ea      0x190 soc-hw.o
                                        0x25a (size before relaxing)
 .debug_str     0x000000000000027a       0x6d cam.o
                                        0x132 (size before relaxing)

.comment        0x0000000000000000       0x11
 .comment       0x0000000000000000       0x11 main.o
                                         0x12 (size before relaxing)
 .comment       0x0000000000000000       0x12 soc-hw.o
 .comment       0x0000000000000000       0x12 cam.o

.debug_ranges   0x0000000000000000       0x18
 .debug_ranges  0x0000000000000000       0x18 soc-hw.o
