
Allocating common symbols
Common symbol       size              file

isr_table           0x80              soc-hw.o
tic_msec            0x4               soc-hw.o

Memory Configuration

Name             Origin             Length             Attributes
ram              0x0000000000000000 0x0000000000001000
*default*        0x0000000000000000 0xffffffffffffffff

Linker script and memory map

                0x0000000000000000                __DYNAMIC = 0x0
                0x0000000000000000                _RAM_START = 0x0
                0x0000000000001000                _RAM_SIZE = 0x1000
                0x0000000000001000                _RAM_END = (_RAM_START + _RAM_SIZE)

.text           0x0000000000000000      0x538
                0x0000000000000000                _ftext = .
 *(.text .stub .text.* .gnu.linkonce.t.*)
 .text          0x0000000000000000      0x208 crt0ram.o
                0x0000000000000000                _start
                0x0000000000000140                irq_enable
                0x000000000000014c                irq_disable
                0x0000000000000158                irq_set_mask
                0x0000000000000160                irq_get_mask
                0x0000000000000168                jump
                0x000000000000016c                halt
                0x00000000000001f8                get_sp
                0x0000000000000200                get_gp
 .text          0x0000000000000208       0x20 main.o
                0x0000000000000208                main
 .text          0x0000000000000228      0x310 soc-hw.o
                0x0000000000000228                isr_null
                0x000000000000022c                tic_isr
                0x0000000000000258                prueba
                0x00000000000002cc                irq_handler
                0x0000000000000330                isr_init
                0x0000000000000354                isr_register
                0x000000000000036c                isr_unregister
                0x000000000000038c                msleep
                0x00000000000003c8                nsleep
                0x00000000000003f8                tic_init
                0x000000000000043c                uart_init
                0x0000000000000440                uart_getchar1
                0x0000000000000464                uart_getchar0
                0x0000000000000488                uart_putchar0
                0x00000000000004ac                uart_putchar1
                0x00000000000004d0                uart_putstr0
                0x0000000000000504                uart_putstr1
                0x0000000000000538                _etext = .

.rodata         0x0000000000000538        0x4
                0x0000000000000538                . = ALIGN (0x4)
                0x0000000000000538                _frodata = .
 *(.rodata .rodata.* .gnu.linkonce.r.*)
 .rodata.cst4   0x0000000000000538        0x4 soc-hw.o
 *(.rodata1)
                0x000000000000053c                _erodata = .

.data           0x000000000000053c       0x14
                0x000000000000053c                . = ALIGN (0x4)
                0x000000000000053c                _fdata = .
 *(.data .data.* .gnu.linkonce.d.*)
 .data          0x000000000000053c        0x0 crt0ram.o
 .data          0x000000000000053c        0x0 main.o
 .data          0x000000000000053c       0x14 soc-hw.o
                0x000000000000053c                uart0
                0x0000000000000540                timer0
                0x0000000000000544                gpio0
                0x0000000000000548                uart1
                0x000000000000054c                spi0
 *(.data1)
                0x0000000000000550                _gp = ALIGN (0x10)
 *(.sdata .sdata.* .gnu.linkonce.s.*)
                0x0000000000000550                _edata = .

.bss            0x0000000000000550       0x84
                0x0000000000000550                . = ALIGN (0x4)
                0x0000000000000550                _fbss = .
 *(.dynsbss)
 *(.sbss .sbss.* .gnu.linkonce.sb.*)
 *(.scommon)
 *(.dynbss)
 *(.bss .bss.* .gnu.linkonce.b.*)
 .bss           0x0000000000000550        0x0 crt0ram.o
 .bss           0x0000000000000550        0x0 main.o
 .bss           0x0000000000000550        0x0 soc-hw.o
 *(COMMON)
 COMMON         0x0000000000000550       0x84 soc-hw.o
                0x0000000000000550                isr_table
                0x00000000000005d0                tic_msec
                0x00000000000005d4                _ebss = .
                0x00000000000005d4                _end = .
                0x0000000000000ffc                PROVIDE (_fstack, ((ORIGIN (ram) + 0x1000) - 0x4))
LOAD crt0ram.o
LOAD main.o
LOAD soc-hw.o
OUTPUT(image elf32-lm32)

.debug_abbrev   0x0000000000000000      0x212
 .debug_abbrev  0x0000000000000000       0x75 main.o
 .debug_abbrev  0x0000000000000075      0x19d soc-hw.o

.debug_info     0x0000000000000000      0x666
 .debug_info    0x0000000000000000       0xa4 main.o
 .debug_info    0x00000000000000a4      0x5c2 soc-hw.o

.debug_line     0x0000000000000000      0x419
 .debug_line    0x0000000000000000       0x5a main.o
 .debug_line    0x000000000000005a      0x3bf soc-hw.o

.debug_frame    0x0000000000000000      0x140
 .debug_frame   0x0000000000000000       0x20 main.o
 .debug_frame   0x0000000000000020      0x120 soc-hw.o

.debug_loc      0x0000000000000000      0x153
 .debug_loc     0x0000000000000000       0x26 main.o
 .debug_loc     0x0000000000000026      0x12d soc-hw.o

.debug_pubnames
                0x0000000000000000      0x17a
 .debug_pubnames
                0x0000000000000000       0x1b main.o
 .debug_pubnames
                0x000000000000001b      0x15f soc-hw.o

.debug_pubtypes
                0x0000000000000000       0x78
 .debug_pubtypes
                0x0000000000000000       0x1f main.o
 .debug_pubtypes
                0x000000000000001f       0x59 soc-hw.o

.debug_aranges  0x0000000000000000       0x40
 .debug_aranges
                0x0000000000000000       0x20 main.o
 .debug_aranges
                0x0000000000000020       0x20 soc-hw.o

.debug_str      0x0000000000000000      0x252
 .debug_str     0x0000000000000000       0xca main.o
                                         0xdb (size before relaxing)
 .debug_str     0x00000000000000ca      0x188 soc-hw.o
                                        0x252 (size before relaxing)

.comment        0x0000000000000000       0x11
 .comment       0x0000000000000000       0x11 main.o
                                         0x12 (size before relaxing)
 .comment       0x0000000000000000       0x12 soc-hw.o

.debug_ranges   0x0000000000000000       0x18
 .debug_ranges  0x0000000000000000       0x18 soc-hw.o
